[preview.colorlib.com/theme/ronaldo/index.html]
[backblue.gif]
[fade.gif]
[index.html]
[preview.colorlib.com/theme/ronaldo/css/open-iconic-bootstrap.min.css]
[preview.colorlib.com/theme/ronaldo/css/animate.css]
[preview.colorlib.com/theme/ronaldo/css/owl.carousel.min.css]
[preview.colorlib.com/theme/ronaldo/css/owl.theme.default.min.css]
[preview.colorlib.com/theme/ronaldo/css/magnific-popup.css]
[preview.colorlib.com/theme/ronaldo/css/aos.css]
[preview.colorlib.com/theme/ronaldo/css/ionicons.min.css]
[preview.colorlib.com/theme/ronaldo/css/flaticon.css]
[preview.colorlib.com/theme/ronaldo/css/icomoon.css]
[preview.colorlib.com/theme/ronaldo/css/style.css]
[preview.colorlib.com/theme/ronaldo/index-2.html]
[preview.colorlib.com/theme/ronaldo/images/about.jpg]
[preview.colorlib.com/theme/ronaldo/images/partner-1.png]
[preview.colorlib.com/theme/ronaldo/images/partner-2.png]
[preview.colorlib.com/theme/ronaldo/images/partner-3.png]
[preview.colorlib.com/theme/ronaldo/images/partner-4.png]
[preview.colorlib.com/theme/ronaldo/images/partner-5.png]
[preview.colorlib.com/theme/ronaldo/images/work-1.jpg]
[preview.colorlib.com/theme/ronaldo/images/work-2.jpg]
[preview.colorlib.com/theme/ronaldo/images/work-3.jpg]
[preview.colorlib.com/theme/ronaldo/images/work-4.jpg]
[preview.colorlib.com/theme/ronaldo/images/work-5.jpg]
[preview.colorlib.com/theme/ronaldo/images/work-6.jpg]
[preview.colorlib.com/theme/ronaldo/single.html]
[preview.colorlib.com/theme/ronaldo/images/image_1.jpg]
[preview.colorlib.com/theme/ronaldo/images/image_2.jpg]
[preview.colorlib.com/theme/ronaldo/images/image_3.jpg]
[preview.colorlib.com/theme/ronaldo/images/bg_1.jpg]
[preview.colorlib.com/cdn-cgi/scripts/5c5dd728/cloudflare-static/email-decode.min.js]
[preview.colorlib.com/theme/ronaldo/js/jquery.min.js]
[preview.colorlib.com/theme/ronaldo/js/jquery-migrate-3.0.1.min.js]
[preview.colorlib.com/theme/ronaldo/js/popper.min.js]
[preview.colorlib.com/theme/ronaldo/js/bootstrap.min.js]
[preview.colorlib.com/theme/ronaldo/js/jquery.easing.1.3.js]
[preview.colorlib.com/theme/ronaldo/js/jquery.waypoints.min.js]
[preview.colorlib.com/theme/ronaldo/js/jquery.stellar.min.js]
[preview.colorlib.com/theme/ronaldo/js/owl.carousel.min.js]
[preview.colorlib.com/theme/ronaldo/js/jquery.magnific-popup.min.js]
[preview.colorlib.com/theme/ronaldo/js/aos.js]
[preview.colorlib.com/theme/ronaldo/js/jquery.animateNumber.min.js]
[preview.colorlib.com/theme/ronaldo/js/scrollax.min.js]
[preview.colorlib.com/theme/ronaldo/js/main.js]
[preview.colorlib.com/theme/ronaldo/index.html]
[preview.colorlib.com/theme/ronaldo/fonts/open-iconic/open-iconic.eot]
[preview.colorlib.com/theme/ronaldo/fonts/open-iconic/open-iconicd41d.eot]
[preview.colorlib.com/theme/ronaldo/fonts/open-iconic/open-iconic.woff]
[preview.colorlib.com/theme/ronaldo/fonts/open-iconic/open-iconic.ttf]
[preview.colorlib.com/theme/ronaldo/fonts/open-iconic/open-iconic.otf]
[preview.colorlib.com/theme/ronaldo/css/open-iconic-bootstrap.min.css]
[preview.colorlib.com/theme/ronaldo/css/animate.css]
[preview.colorlib.com/theme/ronaldo/css/owl.carousel.min.css]
[preview.colorlib.com/theme/ronaldo/css/owl.theme.default.min.css]
[preview.colorlib.com/theme/ronaldo/css/magnific-popup.css]
[preview.colorlib.com/theme/ronaldo/css/aos.css]
[preview.colorlib.com/theme/ronaldo/fonts/open-iconic/open-iconic.svg]
[preview.colorlib.com/theme/ronaldo/fonts/ionicons/fonts/ionicons580c.eot]
[preview.colorlib.com/theme/ronaldo/fonts/ionicons/fonts/ionicons580c.woff2]
[preview.colorlib.com/theme/ronaldo/fonts/ionicons/fonts/ionicons580c.woff]
[preview.colorlib.com/theme/ronaldo/fonts/ionicons/fonts/ionicons580c.ttf]
[preview.colorlib.com/theme/ronaldo/css/ionicons.min.css]
[preview.colorlib.com/theme/ronaldo/fonts/flaticon/font/Flaticon.eot]
[preview.colorlib.com/theme/ronaldo/fonts/ionicons/fonts/ionicons580c.svg]
[preview.colorlib.com/theme/ronaldo/fonts/flaticon/font/Flaticond41d.eot]
[preview.colorlib.com/theme/ronaldo/fonts/flaticon/font/Flaticon.woff]
[preview.colorlib.com/theme/ronaldo/fonts/flaticon/font/Flaticon.ttf]
[preview.colorlib.com/theme/ronaldo/css/flaticon.css]
[preview.colorlib.com/theme/ronaldo/fonts/flaticon/font/Flaticon.svg]
[preview.colorlib.com/theme/ronaldo/fonts/icomoon/icomoonccfb.ttf]
[preview.colorlib.com/theme/ronaldo/fonts/icomoon/icomoonccfb.woff]
[preview.colorlib.com/theme/ronaldo/fonts/icomoon/icomoonccfb.eot]
[preview.colorlib.com/theme/ronaldo/css/icomoon.css]
[preview.colorlib.com/theme/ronaldo/css/style.css]
[preview.colorlib.com/cdn-cgi/zaraz/sd0d9.js]
[preview.colorlib.com/theme/ronaldo/index-2.html]
[preview.colorlib.com/theme/ronaldo/blog.html]
[preview.colorlib.com/theme/ronaldo/fonts/icomoon/icomoonccfb.svg]
[preview.colorlib.com/theme/ronaldo/images/image_4.jpg]
[preview.colorlib.com/theme/ronaldo/images/person_1.jpg]
[preview.colorlib.com/theme/ronaldo/single.html]
[preview.colorlib.com/theme/ronaldo/fonts/open-iconic/open-iconic.svg]
[preview.colorlib.com/theme/ronaldo/fonts/ionicons/fonts/ionicons580c.svg]
[preview.colorlib.com/theme/ronaldo/fonts/flaticon/font/Flaticon.svg]
[preview.colorlib.com/theme/ronaldo/fonts/icomoon/icomoonccfb.svg]
[preview.colorlib.com/theme/ronaldo/blog.html]
[preview.colorlib.com/theme/ronaldo/images/image_4.html]
